<?xml version="1.0" encoding="UTF-8" standalone="yes"?>
<!-- Payload of the HTTP POST to http://mgrid.net/fhir/Practitioner This means
	that a new employee (has role_id) has been added to Portavita.  with
	the following details. JWK 27-11-2013. -->
<PractitionerUpdate moodCode="EVN" classCode="ACTN" xmlns="urn:hl7-org:v3">
  <templateId root="TBD"/>
  <subject typeCode="SBJ">
    <healthCareProvider classCode="PROV">
      <id extension="192105" root="2.16.840.1.113883.2.4.3.31.3.3"/>
      <id extension="31879" root="2.16.840.1.113883.2.4.3.31.3.2"/>
      <id extension="13199" root="2.16.840.1.113883.2.4.6.1"/>
      <code codeSystem="http://portavita.eu/fhir/PractitionerSpeciality" code="specialist"/>
      <effectiveTime>
        <low value="20100331000000"/>
      </effectiveTime>
      <healthCarePractitioner determinerCode="INSTANCE" classCode="PSN">
        <id extension="192105" root="2.16.840.1.113883.2.4.3.31.3.3"/>
        <id extension="31879" root="2.16.840.1.113883.2.4.3.31.3.2"/>
        <id extension="13199" root="2.16.840.1.113883.2.4.6.1"/>
        <name use="L">
          <given>Francisca</given>
        <family>JASPERS</family>WMJ JASPERS-DE BOER</name>
        <telecom use="WP" value="0123-456789"/>
        <telecom use="MC" value="06-52523542"/>
        <telecom use="WP" value="wmjdeboer@zgch.nl"/>
        <administrativeGenderCode displayName="Female" codeSystemName="HL7 AdministrativeGender" codeSystem="2.16.840.1.113883.5.1" code="F"/>
        <birthTime value="19510909000000"/>
        <addr use="WP">
          <streetAddressLine>Tjongerschansweg 100-200</streetAddressLine>
          <city>HEERENVEEN</city>
          <postalCode>8500AB</postalCode>
          <useablePeriod value="20100331000000"/>
        </addr>
      </healthCarePractitioner>
      <issuingOrganization determinerCode="INSTANCE" classCode="ORG">
        <id extension="257327" root="2.16.840.1.113883.2.4.3.31.1"/>
      </issuingOrganization>
    </healthCareProvider>
  </subject>
</PractitionerUpdate>
